
========================================================================
  PCS_1043
========================================================================
  archivos: 54 DQ · 477 MW · 13 DXF
  — mallas —
  — pozos —
⚠  DQ "PCS_1043_CL01_TH_P103" tiro 1: el collar se desplaza 755089 m entre revisiones. Se usa DQPCS_1043_CL01_TH_P103_260208_1636.xml (2026-02-08T16:36:18), se descarta DQPCS_1043_CL01_TH_P103_260203_0530.xml (2026-02-03T05:30:05). Verifica cuál corresponde al pozo perforado.
⚠  DQ "PCS_1043_CL01_TH_P103" tiro 2: el collar se desplaza 755089 m entre revisiones. Se usa DQPCS_1043_CL01_TH_P103_260208_1636.xml (2026-02-08T16:36:18), se descarta DQPCS_1043_CL01_TH_P103_260203_0530.xml (2026-02-03T05:30:05). Verifica cuál corresponde al pozo perforado.
⚠  DQ "PCS_1043_CL01_TH_P103" tiro 3: el collar se desplaza 755090 m entre revisiones. Se usa DQPCS_1043_CL01_TH_P103_260208_1636.xml (2026-02-08T16:36:18), se descarta DQPCS_1043_CL01_TH_P103_260203_0530.xml (2026-02-03T05:30:05). Verifica cuál corresponde al pozo perforado.
⚠  DQ "PCS_1043_CL01_TH_P103" tiro 4: el collar se desplaza 755091 m entre revisiones. Se usa DQPCS_1043_CL01_TH_P103_260208_1636.xml (2026-02-08T16:36:18), se descarta DQPCS_1043_CL01_TH_P103_260203_0530.xml (2026-02-03T05:30:05). Verifica cuál corresponde al pozo perforado.
⚠  DQ "PCS_1043_CL01_TH_P103" tiro 5: el collar se desplaza 755091 m entre revisiones. Se usa DQPCS_1043_CL01_TH_P103_260208_1636.xml (2026-02-08T16:36:18), se descarta DQPCS_1043_CL01_TH_P103_260203_0530.xml (2026-02-03T05:30:05). Verifica cuál corresponde al pozo perforado.
⚠  DQ "PCS_1043_CL01_TH_P103" tiro 6: el collar se desplaza 755091 m entre revisiones. Se usa DQPCS_1043_CL01_TH_P103_260208_1636.xml (2026-02-08T16:36:18), se descarta DQPCS_1043_CL01_TH_P103_260203_0530.xml (2026-02-03T05:30:05). Verifica cuál corresponde al pozo perforado.
⚠  DQ "PCS_1043_CL01_TH_P103" tiro 7: el collar se desplaza 755090 m entre revisiones. Se usa DQPCS_1043_CL01_TH_P103_260208_1636.xml (2026-02-08T16:36:18), se descarta DQPCS_1043_CL01_TH_P103_260203_0530.xml (2026-02-03T05:30:05). Verifica cuál corresponde al pozo perforado.
⚠  DQ "PCS_1043_CL01_TH_P103" tiro 8: el collar se desplaza 755091 m entre revisiones. Se usa DQPCS_1043_CL01_TH_P103_260208_1636.xml (2026-02-08T16:36:18), se descarta DQPCS_1043_CL01_TH_P103_260203_0530.xml (2026-02-03T05:30:05). Verifica cuál corresponde al pozo perforado.
⚠  DQ "PCS_1043_CL01_TH_P103" tiro 9: el collar se desplaza 755091 m entre revisiones. Se usa DQPCS_1043_CL01_TH_P103_260208_1636.xml (2026-02-08T16:36:18), se descarta DQPCS_1043_CL01_TH_P103_260203_0530.xml (2026-02-03T05:30:05). Verifica cuál corresponde al pozo perforado.
⚠  DQ "PCS_1043_CL01_TH_P103" tiro 10: el collar se desplaza 755092 m entre revisiones. Se usa DQPCS_1043_CL01_TH_P103_260208_1636.xml (2026-02-08T16:36:18), se descarta DQPCS_1043_CL01_TH_P103_260203_0530.xml (2026-02-03T05:30:05). Verifica cuál corresponde al pozo perforado.
⚠  DQ "PCS_1043_CL01_TH_P103" tiro 11: el collar se desplaza 755092 m entre revisiones. Se usa DQPCS_1043_CL01_TH_P103_260208_1636.xml (2026-02-08T16:36:18), se descarta DQPCS_1043_CL01_TH_P103_260203_0530.xml (2026-02-03T05:30:05). Verifica cuál corresponde al pozo perforado.
⚠  DQ "PCS_1043_CL01_TH_P103" tiro 12: el collar se desplaza 755099 m entre revisiones. Se usa DQPCS_1043_CL01_TH_P103_260208_1636.xml (2026-02-08T16:36:18), se descarta DQPCS_1043_CL01_TH_P103_260203_0530.xml (2026-02-03T05:30:05). Verifica cuál corresponde al pozo perforado.
⚠  DQ "PCS_1043_CL01_TH_P103" tiro 13: el collar se desplaza 755100 m entre revisiones. Se usa DQPCS_1043_CL01_TH_P103_260208_1636.xml (2026-02-08T16:36:18), se descarta DQPCS_1043_CL01_TH_P103_260203_0530.xml (2026-02-03T05:30:05). Verifica cuál corresponde al pozo perforado.
⚠  DQ "PCS_1043_CL01_TH_P103" tiro 14: el collar se desplaza 755100 m entre revisiones. Se usa DQPCS_1043_CL01_TH_P103_260208_1636.xml (2026-02-08T16:36:18), se descarta DQPCS_1043_CL01_TH_P103_260203_0530.xml (2026-02-03T05:30:05). Verifica cuál corresponde al pozo perforado.
⚠  DQ "PCS_1043_CL01_TH_P103" tiro 15: el collar se desplaza 755100 m entre revisiones. Se usa DQPCS_1043_CL01_TH_P103_260208_1636.xml (2026-02-08T16:36:18), se descarta DQPCS_1043_CL01_TH_P103_260203_0530.xml (2026-02-03T05:30:05). Verifica cuál corresponde al pozo perforado.
⚠  DQ "PCS_1043_CL01_TH_P103" tiro 16: el collar se desplaza 755100 m entre revisiones. Se usa DQPCS_1043_CL01_TH_P103_260208_1636.xml (2026-02-08T16:36:18), se descarta DQPCS_1043_CL01_TH_P103_260203_0530.xml (2026-02-03T05:30:05). Verifica cuál corresponde al pozo perforado.
⚠  DQ "PCS_1043_CL01_TH_P103" tiro 17: el collar se desplaza 755101 m entre revisiones. Se usa DQPCS_1043_CL01_TH_P103_260208_1636.xml (2026-02-08T16:36:18), se descarta DQPCS_1043_CL01_TH_P103_260203_0530.xml (2026-02-03T05:30:05). Verifica cuál corresponde al pozo perforado.
⚠  DQ "PCS_1043_CL01_TH_P103" tiro U5: el collar se desplaza 755091 m entre revisiones. Se usa DQPCS_1043_CL01_TH_P103_260208_1636.xml (2026-02-08T16:36:18), se descarta DQPCS_1043_CL01_TH_P103_260203_0530.xml (2026-02-03T05:30:05). Verifica cuál corresponde al pozo perforado.
⚠  DQ "PCS_1043_CL01_TH_P103" tiro 1: el collar se desplaza 755089 m entre revisiones. Se usa DQPCS_1043_CL01_TH_P103_260209_0038.xml (2026-02-09T00:38:41), se descarta DQPCS_1043_CL01_TH_P103_260208_1636.xml (2026-02-08T16:36:18). Verifica cuál corresponde al pozo perforado.
⚠  DQ "PCS_1043_CL01_TH_P103" tiro 2: el collar se desplaza 755090 m entre revisiones. Se usa DQPCS_1043_CL01_TH_P103_260209_0038.xml (2026-02-09T00:38:41), se descarta DQPCS_1043_CL01_TH_P103_260208_1636.xml (2026-02-08T16:36:18). Verifica cuál corresponde al pozo perforado.
⚠  DQ: 32 desplazamiento(s) grande(s) más, no listados.
⚠  DQ: 159 tiro(s) con coordenadas distintas entre revisiones del mismo plan (52 sobre 5 m). Gana siempre la revisión más reciente.
⚠  MWD "MWPCS_1043_AUX1H1_260317_0331.xml": 1 campo(s) excedente(s) declarado(s) y descartado(s): OPT1. Se usan los 7 de la convención (LT | ROP | PP | FP | DP | RP | FLP).
⚠  MWD "MWPCS_1043_AUX1H3_260317_0333.xml": 1 campo(s) excedente(s) declarado(s) y descartado(s): OPT1. Se usan los 7 de la convención (LT | ROP | PP | FP | DP | RP | FLP).
⚠  MWD "MWPCS_1043_AUX1H4_260317_1026.xml": 1 campo(s) excedente(s) declarado(s) y descartado(s): OPT1. Se usan los 7 de la convención (LT | ROP | PP | FP | DP | RP | FLP).
⚠  MWD "MWPCS_1043_AUX1H5_260317_1552.xml": 1 campo(s) excedente(s) declarado(s) y descartado(s): OPT1. Se usan los 7 de la convención (LT | ROP | PP | FP | DP | RP | FLP).
⚠  MWD "MWPCS_1043_AUX1HU6_260317_0832.xml": 1 campo(s) excedente(s) declarado(s) y descartado(s): OPT1. Se usan los 7 de la convención (LT | ROP | PP | FP | DP | RP | FLP).
⚠  MWD "MWPCS_1043_AUX2H1_260316_0233.xml": 1 campo(s) excedente(s) declarado(s) y descartado(s): OPT1. Se usan los 7 de la convención (LT | ROP | PP | FP | DP | RP | FLP).
⚠  MWD "MWPCS_1043_AUX2H2_260316_0829.xml": 1 campo(s) excedente(s) declarado(s) y descartado(s): OPT1. Se usan los 7 de la convención (LT | ROP | PP | FP | DP | RP | FLP).
⚠  MWD "MWPCS_1043_AUX2H4_260316_1135.xml": 1 campo(s) excedente(s) declarado(s) y descartado(s): OPT1. Se usan los 7 de la convención (LT | ROP | PP | FP | DP | RP | FLP).
⚠  MWD "MWPCS_1043_AUX2HU6_260316_1102.xml": 1 campo(s) excedente(s) declarado(s) y descartado(s): OPT1. Se usan los 7 de la convención (LT | ROP | PP | FP | DP | RP | FLP).
⚠  MWD "MWPCS_1043_AUX2HU7_260316_1643.xml": 1 campo(s) excedente(s) declarado(s) y descartado(s): OPT1. Se usan los 7 de la convención (LT | ROP | PP | FP | DP | RP | FLP).
⚠  MWD "MWPCS_1043_AUX2HU8_260316_2249.xml": 1 campo(s) excedente(s) declarado(s) y descartado(s): OPT1. Se usan los 7 de la convención (LT | ROP | PP | FP | DP | RP | FLP).
⚠  MWD "MWPCS_1043_AUX2HU9_260317_0044.xml": 1 campo(s) excedente(s) declarado(s) y descartado(s): OPT1. Se usan los 7 de la convención (LT | ROP | PP | FP | DP | RP | FLP).
⚠  MWD "MWPCS_1043_AUX3H1_260315_0737.xml": 1 campo(s) excedente(s) declarado(s) y descartado(s): OPT1. Se usan los 7 de la convención (LT | ROP | PP | FP | DP | RP | FLP).
⚠  MWD "MWPCS_1043_AUX3H2_260315_1240.xml": 1 campo(s) excedente(s) declarado(s) y descartado(s): OPT1. Se usan los 7 de la convención (LT | ROP | PP | FP | DP | RP | FLP).
⚠  MWD "MWPCS_1043_AUX3H3_260315_1350.xml": 1 campo(s) excedente(s) declarado(s) y descartado(s): OPT1. Se usan los 7 de la convención (LT | ROP | PP | FP | DP | RP | FLP).
⚠  MWD "MWPCS_1043_AUX3H4_260315_1756.xml": 1 campo(s) excedente(s) declarado(s) y descartado(s): OPT1. Se usan los 7 de la convención (LT | ROP | PP | FP | DP | RP | FLP).
⚠  MWD "MWPCS_1043_AUX3H5_260316_0058.xml": 1 campo(s) excedente(s) declarado(s) y descartado(s): OPT1. Se usan los 7 de la convención (LT | ROP | PP | FP | DP | RP | FLP).
⚠  MWD "MWPCS_1043_AUX3HU6_260315_2054.xml": 1 campo(s) excedente(s) declarado(s) y descartado(s): OPT1. Se usan los 7 de la convención (LT | ROP | PP | FP | DP | RP | FLP).
⚠  MWD "MWPCS_1043_CL01_TH_P101H1_260123_1142.xml": 1 campo(s) excedente(s) declarado(s) y descartado(s): OPT1. Se usan los 7 de la convención (LT | ROP | PP | FP | DP | RP | FLP).
⚠  MWD "MWPCS_1043_CL01_TH_P105H10_260125_0339.xml": 1 campo(s) excedente(s) declarado(s) y descartado(s): OPT1. Se usan los 7 de la convención (LT | ROP | PP | FP | DP | RP | FLP).
⚠  MWD "MWPCS_1043_CL01_TH_P105H11_260125_1415.xml": 1 campo(s) excedente(s) declarado(s) y descartado(s): OPT1. Se usan los 7 de la convención (LT | ROP | PP | FP | DP | RP | FLP).
⚠  MWD "MWPCS_1043_CL01_TH_P105H12_260126_0058.xml": 1 campo(s) excedente(s) declarado(s) y descartado(s): OPT1. Se usan los 7 de la convención (LT | ROP | PP | FP | DP | RP | FLP).
⚠  MWD "MWPCS_1043_CL01_TH_P105H16_260125_0435.xml": 1 campo(s) excedente(s) declarado(s) y descartado(s): OPT1. Se usan los 7 de la convención (LT | ROP | PP | FP | DP | RP | FLP).
⚠  MWD "MWPCS_1043_CL01_TH_P105H17_260125_0403.xml": 1 campo(s) excedente(s) declarado(s) y descartado(s): OPT1. Se usan los 7 de la convención (LT | ROP | PP | FP | DP | RP | FLP).
⚠  MWD "MWPCS_1043_CL01_TH_P105H1_260124_1324.xml": 1 campo(s) excedente(s) declarado(s) y descartado(s): OPT1. Se usan los 7 de la convención (LT | ROP | PP | FP | DP | RP | FLP).
⚠  MWD "MWPCS_1043_CL01_TH_P105H2_260125_1635.xml": 1 campo(s) excedente(s) declarado(s) y descartado(s): OPT1. Se usan los 7 de la convención (LT | ROP | PP | FP | DP | RP | FLP).
⚠  MWD "MWPCS_1043_CL01_TH_P105H3_260125_1817.xml": 1 campo(s) excedente(s) declarado(s) y descartado(s): OPT1. Se usan los 7 de la convención (LT | ROP | PP | FP | DP | RP | FLP).
⚠  MWD "MWPCS_1043_CL01_TH_P105H4_260124_1520.xml": 1 campo(s) excedente(s) declarado(s) y descartado(s): OPT1. Se usan los 7 de la convención (LT | ROP | PP | FP | DP | RP | FLP).
⚠  MWD "MWPCS_1043_CL01_TH_P105H5_260124_1725.xml": 1 campo(s) excedente(s) declarado(s) y descartado(s): OPT1. Se usan los 7 de la convención (LT | ROP | PP | FP | DP | RP | FLP).
⚠  MWD "MWPCS_1043_CL01_TH_P105H6_260124_1907.xml": 1 campo(s) excedente(s) declarado(s) y descartado(s): OPT1. Se usan los 7 de la convención (LT | ROP | PP | FP | DP | RP | FLP).
⚠  MWD "MWPCS_1043_CL01_TH_P105H7_260124_2129.xml": 1 campo(s) excedente(s) declarado(s) y descartado(s): OPT1. Se usan los 7 de la convención (LT | ROP | PP | FP | DP | RP | FLP).
⚠  MWD "MWPCS_1043_CL01_TH_P105H8_260124_2313.xml": 1 campo(s) excedente(s) declarado(s) y descartado(s): OPT1. Se usan los 7 de la convención (LT | ROP | PP | FP | DP | RP | FLP).
⚠  MWD "MWPCS_1043_CL01_TH_P105H9_260125_0153.xml": 1 campo(s) excedente(s) declarado(s) y descartado(s): OPT1. Se usan los 7 de la convención (LT | ROP | PP | FP | DP | RP | FLP).
⚠  MWD "MWPCS_1043_CL01_TH_P105HU18_260126_0243.xml": 1 campo(s) excedente(s) declarado(s) y descartado(s): OPT1. Se usan los 7 de la convención (LT | ROP | PP | FP | DP | RP | FLP).
⚠  MWD "MWPCS_1043_CL01_TH_P105HU19_260126_0420.xml": 1 campo(s) excedente(s) declarado(s) y descartado(s): OPT1. Se usan los 7 de la convención (LT | ROP | PP | FP | DP | RP | FLP).
⚠  MWD "MWPCS_1043_CL01_TH_P105HU20_260126_0539.xml": 1 campo(s) excedente(s) declarado(s) y descartado(s): OPT1. Se usan los 7 de la convención (LT | ROP | PP | FP | DP | RP | FLP).
⚠  MWD "MWPCS_1043_CL01_TH_P105HU21_260127_1127.xml": 1 campo(s) excedente(s) declarado(s) y descartado(s): OPT1. Se usan los 7 de la convención (LT | ROP | PP | FP | DP | RP | FLP).
⚠  MWD "MWPCS_1043_PR01_TH_P01H11_260124_0245.xml": 1 campo(s) excedente(s) declarado(s) y descartado(s): OPT1. Se usan los 7 de la convención (LT | ROP | PP | FP | DP | RP | FLP).
⚠  MWD "MWPCS_1043_PR01_TH_P01H12_260124_0416.xml": 1 campo(s) excedente(s) declarado(s) y descartado(s): OPT1. Se usan los 7 de la convención (LT | ROP | PP | FP | DP | RP | FLP).
⚠  MWD "MWPCS_1043_PR01_TH_P01H13_260124_0703.xml": 1 campo(s) excedente(s) declarado(s) y descartado(s): OPT1. Se usan los 7 de la convención (LT | ROP | PP | FP | DP | RP | FLP).
⚠  MWD "MWPCS_1043_PR01_TH_P01H14_260124_0704.xml": 1 campo(s) excedente(s) declarado(s) y descartado(s): OPT1. Se usan los 7 de la convención (LT | ROP | PP | FP | DP | RP | FLP).
⚠  MWD "MWPCS_1043_PR01_TH_P01H15_260124_0928.xml": 1 campo(s) excedente(s) declarado(s) y descartado(s): OPT1. Se usan los 7 de la convención (LT | ROP | PP | FP | DP | RP | FLP).
⚠  MWD "MWPCS_1043_PR01_TH_P01H16_260124_1051.xml": 1 campo(s) excedente(s) declarado(s) y descartado(s): OPT1. Se usan los 7 de la convención (LT | ROP | PP | FP | DP | RP | FLP).
⚠  MWD "MWPCS_1043_PR01_TH_P01H6_260123_1342.xml": 1 campo(s) excedente(s) declarado(s) y descartado(s): OPT1. Se usan los 7 de la convención (LT | ROP | PP | FP | DP | RP | FLP).
⚠  MWD "MWPCS_1043_PR01_TH_P01H7_260123_1536.xml": 1 campo(s) excedente(s) declarado(s) y descartado(s): OPT1. Se usan los 7 de la convención (LT | ROP | PP | FP | DP | RP | FLP).
⚠  MWD "MWPCS_1043_PR01_TH_P01H8_260123_1744.xml": 1 campo(s) excedente(s) declarado(s) y descartado(s): OPT1. Se usan los 7 de la convención (LT | ROP | PP | FP | DP | RP | FLP).
⚠  MWD "MWPCS_1043_PR01_TH_P01HU17_260123_2253.xml": 1 campo(s) excedente(s) declarado(s) y descartado(s): OPT1. Se usan los 7 de la convención (LT | ROP | PP | FP | DP | RP | FLP).
⚠  MWD "MWPCS_1043_PR01_TH_P01HU18_260124_0727.xml": 1 campo(s) excedente(s) declarado(s) y descartado(s): OPT1. Se usan los 7 de la convención (LT | ROP | PP | FP | DP | RP | FLP).
⚠  MWD "MWPCS_1043_PR01_TH_P01HU18_260124_0833.xml": 1 campo(s) excedente(s) declarado(s) y descartado(s): OPT1. Se usan los 7 de la convención (LT | ROP | PP | FP | DP | RP | FLP).
⚠  MWD "MWPCS_1043_PR01_TH_P01HU9_260123_2029.xml": 1 campo(s) excedente(s) declarado(s) y descartado(s): OPT1. Se usan los 7 de la convención (LT | ROP | PP | FP | DP | RP | FLP).
⚠  MWD "MWPCS_1043_PR01_TH_P07H10_260314_0227.xml": 1 campo(s) excedente(s) declarado(s) y descartado(s): OPT1. Se usan los 7 de la convención (LT | ROP | PP | FP | DP | RP | FLP).
⚠  MWD "MWPCS_1043_PR01_TH_P07H11_260314_0524.xml": 1 campo(s) excedente(s) declarado(s) y descartado(s): OPT1. Se usan los 7 de la convención (LT | ROP | PP | FP | DP | RP | FLP).
⚠  MWD "MWPCS_1043_PR01_TH_P07H12_260314_0759.xml": 1 campo(s) excedente(s) declarado(s) y descartado(s): OPT1. Se usan los 7 de la convención (LT | ROP | PP | FP | DP | RP | FLP).
⚠  MWD "MWPCS_1043_PR01_TH_P07H13_260314_1119.xml": 1 campo(s) excedente(s) declarado(s) y descartado(s): OPT1. Se usan los 7 de la convención (LT | ROP | PP | FP | DP | RP | FLP).
⚠  MWD "MWPCS_1043_PR01_TH_P07H13_260323_1810.xml": 1 campo(s) excedente(s) declarado(s) y descartado(s): OPT1. Se usan los 7 de la convención (LT | ROP | PP | FP | DP | RP | FLP).
⚠  MWD "MWPCS_1043_PR01_TH_P07H14_260318_0957.xml": 1 campo(s) excedente(s) declarado(s) y descartado(s): OPT1. Se usan los 7 de la convención (LT | ROP | PP | FP | DP | RP | FLP).
⚠  MWD "MWPCS_1043_PR01_TH_P07H15_260318_1101.xml": 1 campo(s) excedente(s) declarado(s) y descartado(s): OPT1. Se usan los 7 de la convención (LT | ROP | PP | FP | DP | RP | FLP).
⚠  MWD "MWPCS_1043_PR01_TH_P07H16_260313_1927.xml": 1 campo(s) excedente(s) declarado(s) y descartado(s): OPT1. Se usan los 7 de la convención (LT | ROP | PP | FP | DP | RP | FLP).
⚠  MWD "MWPCS_1043_PR01_TH_P07H17_260312_1839.xml": 1 campo(s) excedente(s) declarado(s) y descartado(s): OPT1. Se usan los 7 de la convención (LT | ROP | PP | FP | DP | RP | FLP).
⚠  MWD "MWPCS_1043_PR01_TH_P07H18_260313_0956.xml": 1 campo(s) excedente(s) declarado(s) y descartado(s): OPT1. Se usan los 7 de la convención (LT | ROP | PP | FP | DP | RP | FLP).
⚠  MWD "MWPCS_1043_PR01_TH_P07H1_260318_0715.xml": 1 campo(s) excedente(s) declarado(s) y descartado(s): OPT1. Se usan los 7 de la convención (LT | ROP | PP | FP | DP | RP | FLP).
⚠  MWD "MWPCS_1043_PR01_TH_P07H2_260313_1112.xml": 1 campo(s) excedente(s) declarado(s) y descartado(s): OPT1. Se usan los 7 de la convención (LT | ROP | PP | FP | DP | RP | FLP).
⚠  MWD "MWPCS_1043_PR01_TH_P07H3_260313_1228.xml": 1 campo(s) excedente(s) declarado(s) y descartado(s): OPT1. Se usan los 7 de la convención (LT | ROP | PP | FP | DP | RP | FLP).
⚠  MWD "MWPCS_1043_PR01_TH_P07H4_260313_1402.xml": 1 campo(s) excedente(s) declarado(s) y descartado(s): OPT1. Se usan los 7 de la convención (LT | ROP | PP | FP | DP | RP | FLP).
⚠  MWD "MWPCS_1043_PR01_TH_P07H5_260313_1527.xml": 1 campo(s) excedente(s) declarado(s) y descartado(s): OPT1. Se usan los 7 de la convención (LT | ROP | PP | FP | DP | RP | FLP).
⚠  MWD "MWPCS_1043_PR01_TH_P07H6_260313_1722.xml": 1 campo(s) excedente(s) declarado(s) y descartado(s): OPT1. Se usan los 7 de la convención (LT | ROP | PP | FP | DP | RP | FLP).
⚠  MWD "MWPCS_1043_PR01_TH_P07H7_260313_1907.xml": 1 campo(s) excedente(s) declarado(s) y descartado(s): OPT1. Se usan los 7 de la convención (LT | ROP | PP | FP | DP | RP | FLP).
⚠  MWD "MWPCS_1043_PR01_TH_P07H8_260313_2103.xml": 1 campo(s) excedente(s) declarado(s) y descartado(s): OPT1. Se usan los 7 de la convención (LT | ROP | PP | FP | DP | RP | FLP).
⚠  MWD "MWPCS_1043_PR01_TH_P07H9_260314_0048.xml": 1 campo(s) excedente(s) declarado(s) y descartado(s): OPT1. Se usan los 7 de la convención (LT | ROP | PP | FP | DP | RP | FLP).
⚠  MWD "MWPCS_1043_PR01_TH_P22H10_260620_1612.xml": 1 campo(s) excedente(s) declarado(s) y descartado(s): OPT1. Se usan los 7 de la convención (LT | ROP | PP | FP | DP | RP | FLP).
⚠  MWD "MWPCS_1043_PR01_TH_P22H11_260620_1754.xml": 1 campo(s) excedente(s) declarado(s) y descartado(s): OPT1. Se usan los 7 de la convención (LT | ROP | PP | FP | DP | RP | FLP).
⚠  MWD "MWPCS_1043_PR01_TH_P22H12_260620_2232.xml": 1 campo(s) excedente(s) declarado(s) y descartado(s): OPT1. Se usan los 7 de la convención (LT | ROP | PP | FP | DP | RP | FLP).
⚠  MWD "MWPCS_1043_PR01_TH_P22H12_260620_2351.xml": 1 campo(s) excedente(s) declarado(s) y descartado(s): OPT1. Se usan los 7 de la convención (LT | ROP | PP | FP | DP | RP | FLP).
⚠  MWD "MWPCS_1043_PR01_TH_P22H13_260621_0550.xml": 1 campo(s) excedente(s) declarado(s) y descartado(s): OPT1. Se usan los 7 de la convención (LT | ROP | PP | FP | DP | RP | FLP).
⚠  MWD "MWPCS_1043_PR01_TH_P22H14_260621_0047.xml": 1 campo(s) excedente(s) declarado(s) y descartado(s): OPT1. Se usan los 7 de la convención (LT | ROP | PP | FP | DP | RP | FLP).
⚠  MWD "MWPCS_1043_PR01_TH_P22H15_260620_1848.xml": 1 campo(s) excedente(s) declarado(s) y descartado(s): OPT1. Se usan los 7 de la convención (LT | ROP | PP | FP | DP | RP | FLP).
⚠  MWD "MWPCS_1043_PR01_TH_P22H16_260620_1816.xml": 1 campo(s) excedente(s) declarado(s) y descartado(s): OPT1. Se usan los 7 de la convención (LT | ROP | PP | FP | DP | RP | FLP).
⚠  MWD "MWPCS_1043_PR01_TH_P22H1_260620_0054.xml": 1 campo(s) excedente(s) declarado(s) y descartado(s): OPT1. Se usan los 7 de la convención (LT | ROP | PP | FP | DP | RP | FLP).
⚠  MWD "MWPCS_1043_PR01_TH_P22H2_260620_0203.xml": 1 campo(s) excedente(s) declarado(s) y descartado(s): OPT1. Se usan los 7 de la convención (LT | ROP | PP | FP | DP | RP | FLP).
⚠  MWD "MWPCS_1043_PR01_TH_P22H3_260620_0315.xml": 1 campo(s) excedente(s) declarado(s) y descartado(s): OPT1. Se usan los 7 de la convención (LT | ROP | PP | FP | DP | RP | FLP).
⚠  MWD "MWPCS_1043_PR01_TH_P22H4_260620_0457.xml": 1 campo(s) excedente(s) declarado(s) y descartado(s): OPT1. Se usan los 7 de la convención (LT | ROP | PP | FP | DP | RP | FLP).
⚠  MWD "MWPCS_1043_PR01_TH_P22H5_260620_0632.xml": 1 campo(s) excedente(s) declarado(s) y descartado(s): OPT1. Se usan los 7 de la convención (LT | ROP | PP | FP | DP | RP | FLP).
⚠  MWD "MWPCS_1043_PR01_TH_P22H6_260620_0758.xml": 1 campo(s) excedente(s) declarado(s) y descartado(s): OPT1. Se usan los 7 de la convención (LT | ROP | PP | FP | DP | RP | FLP).
⚠  MWD "MWPCS_1043_PR01_TH_P22H7_260620_0933.xml": 1 campo(s) excedente(s) declarado(s) y descartado(s): OPT1. Se usan los 7 de la convención (LT | ROP | PP | FP | DP | RP | FLP).
⚠  MWD "MWPCS_1043_PR01_TH_P22H8_260620_1210.xml": 1 campo(s) excedente(s) declarado(s) y descartado(s): OPT1. Se usan los 7 de la convención (LT | ROP | PP | FP | DP | RP | FLP).
⚠  MWD "MWPCS_1043_PR01_TH_P22H9_260620_1344.xml": 1 campo(s) excedente(s) declarado(s) y descartado(s): OPT1. Se usan los 7 de la convención (LT | ROP | PP | FP | DP | RP | FLP).
⚠  MWD "MWPCS_1043_PR01_TH_P23H10_260622_0652.xml": 1 campo(s) excedente(s) declarado(s) y descartado(s): OPT1. Se usan los 7 de la convención (LT | ROP | PP | FP | DP | RP | FLP).
⚠  MWD "MWPCS_1043_PR01_TH_P23H11_260622_0835.xml": 1 campo(s) excedente(s) declarado(s) y descartado(s): OPT1. Se usan los 7 de la convención (LT | ROP | PP | FP | DP | RP | FLP).
⚠  MWD "MWPCS_1043_PR01_TH_P23H12_260622_1602.xml": 1 campo(s) excedente(s) declarado(s) y descartado(s): OPT1. Se usan los 7 de la convención (LT | ROP | PP | FP | DP | RP | FLP).
⚠  MWD "MWPCS_1043_PR01_TH_P23H13_260622_1737.xml": 1 campo(s) excedente(s) declarado(s) y descartado(s): OPT1. Se usan los 7 de la convención (LT | ROP | PP | FP | DP | RP | FLP).
⚠  MWD "MWPCS_1043_PR01_TH_P23H14_260622_1835.xml": 1 campo(s) excedente(s) declarado(s) y descartado(s): OPT1. Se usan los 7 de la convención (LT | ROP | PP | FP | DP | RP | FLP).
⚠  MWD "MWPCS_1043_PR01_TH_P23H15_260622_1923.xml": 1 campo(s) excedente(s) declarado(s) y descartado(s): OPT1. Se usan los 7 de la convención (LT | ROP | PP | FP | DP | RP | FLP).
⚠  MWD "MWPCS_1043_PR01_TH_P23H16_260622_2115.xml": 1 campo(s) excedente(s) declarado(s) y descartado(s): OPT1. Se usan los 7 de la convención (LT | ROP | PP | FP | DP | RP | FLP).
⚠  MWD "MWPCS_1043_PR01_TH_P23H1_260621_0923.xml": 1 campo(s) excedente(s) declarado(s) y descartado(s): OPT1. Se usan los 7 de la convención (LT | ROP | PP | FP | DP | RP | FLP).
⚠  MWD "MWPCS_1043_PR01_TH_P23H2_260621_1125.xml": 1 campo(s) excedente(s) declarado(s) y descartado(s): OPT1. Se usan los 7 de la convención (LT | ROP | PP | FP | DP | RP | FLP).
⚠  MWD "MWPCS_1043_PR01_TH_P23H3_260621_1724.xml": 1 campo(s) excedente(s) declarado(s) y descartado(s): OPT1. Se usan los 7 de la convención (LT | ROP | PP | FP | DP | RP | FLP).
⚠  MWD "MWPCS_1043_PR01_TH_P23H4_260621_1910.xml": 1 campo(s) excedente(s) declarado(s) y descartado(s): OPT1. Se usan los 7 de la convención (LT | ROP | PP | FP | DP | RP | FLP).
⚠  MWD "MWPCS_1043_PR01_TH_P23H5_260621_2128.xml": 1 campo(s) excedente(s) declarado(s) y descartado(s): OPT1. Se usan los 7 de la convención (LT | ROP | PP | FP | DP | RP | FLP).
⚠  MWD "MWPCS_1043_PR01_TH_P23H6_260621_2248.xml": 1 campo(s) excedente(s) declarado(s) y descartado(s): OPT1. Se usan los 7 de la convención (LT | ROP | PP | FP | DP | RP | FLP).
⚠  MWD "MWPCS_1043_PR01_TH_P23H7_260622_0211.xml": 1 campo(s) excedente(s) declarado(s) y descartado(s): OPT1. Se usan los 7 de la convención (LT | ROP | PP | FP | DP | RP | FLP).
⚠  MWD "MWPCS_1043_PR01_TH_P23H8_260622_0343.xml": 1 campo(s) excedente(s) declarado(s) y descartado(s): OPT1. Se usan los 7 de la convención (LT | ROP | PP | FP | DP | RP | FLP).
⚠  MWD "MWPCS_1043_PR01_TH_P23H9_260622_0513.xml": 1 campo(s) excedente(s) declarado(s) y descartado(s): OPT1. Se usan los 7 de la convención (LT | ROP | PP | FP | DP | RP | FLP).
⚠  MWD "MWPCS_1043_PR01_TH_P24H11_260623_1928.xml": 1 campo(s) excedente(s) declarado(s) y descartado(s): OPT1. Se usan los 7 de la convención (LT | ROP | PP | FP | DP | RP | FLP).
⚠  MWD "MWPCS_1043_PR01_TH_P24H12_260623_2109.xml": 1 campo(s) excedente(s) declarado(s) y descartado(s): OPT1. Se usan los 7 de la convención (LT | ROP | PP | FP | DP | RP | FLP).
⚠  MWD "MWPCS_1043_PR01_TH_P24H13_260623_2222.xml": 1 campo(s) excedente(s) declarado(s) y descartado(s): OPT1. Se usan los 7 de la convención (LT | ROP | PP | FP | DP | RP | FLP).
⚠  MWD "MWPCS_1043_PR01_TH_P24H14_260623_2309.xml": 1 campo(s) excedente(s) declarado(s) y descartado(s): OPT1. Se usan los 7 de la convención (LT | ROP | PP | FP | DP | RP | FLP).
⚠  MWD "MWPCS_1043_PR01_TH_P24H15_260623_2346.xml": 1 campo(s) excedente(s) declarado(s) y descartado(s): OPT1. Se usan los 7 de la convención (LT | ROP | PP | FP | DP | RP | FLP).
⚠  MWD "MWPCS_1043_PR01_TH_P24H1_260622_2233.xml": 1 campo(s) excedente(s) declarado(s) y descartado(s): OPT1. Se usan los 7 de la convención (LT | ROP | PP | FP | DP | RP | FLP).
⚠  MWD "MWPCS_1043_PR01_TH_P24H2_260623_0004.xml": 1 campo(s) excedente(s) declarado(s) y descartado(s): OPT1. Se usan los 7 de la convención (LT | ROP | PP | FP | DP | RP | FLP).
⚠  MWD "MWPCS_1043_PR01_TH_P24H3_260623_0239.xml": 1 campo(s) excedente(s) declarado(s) y descartado(s): OPT1. Se usan los 7 de la convención (LT | ROP | PP | FP | DP | RP | FLP).
⚠  MWD "MWPCS_1043_PR01_TH_P24H4_260623_0412.xml": 1 campo(s) excedente(s) declarado(s) y descartado(s): OPT1. Se usan los 7 de la convención (LT | ROP | PP | FP | DP | RP | FLP).
⚠  MWD "MWPCS_1043_PR01_TH_P24H5_260623_0553.xml": 1 campo(s) excedente(s) declarado(s) y descartado(s): OPT1. Se usan los 7 de la convención (LT | ROP | PP | FP | DP | RP | FLP).
⚠  MWD "MWPCS_1043_PR01_TH_P24H6_260623_0732.xml": 1 campo(s) excedente(s) declarado(s) y descartado(s): OPT1. Se usan los 7 de la convención (LT | ROP | PP | FP | DP | RP | FLP).
⚠  MWD "MWPCS_1043_PR01_TH_P24H7_260623_1004.xml": 1 campo(s) excedente(s) declarado(s) y descartado(s): OPT1. Se usan los 7 de la convención (LT | ROP | PP | FP | DP | RP | FLP).
⚠  MWD "MWPCS_1043_PR01_TH_P24H8_260623_1254.xml": 1 campo(s) excedente(s) declarado(s) y descartado(s): OPT1. Se usan los 7 de la convención (LT | ROP | PP | FP | DP | RP | FLP).
⚠  MWD "MWPCS_1043_PR01_TH_P24H9_260623_1519.xml": 1 campo(s) excedente(s) declarado(s) y descartado(s): OPT1. Se usan los 7 de la convención (LT | ROP | PP | FP | DP | RP | FLP).
⚠  MWD "MWPCS_1043_PR01_TH_P24HU10_260623_1750.xml": 1 campo(s) excedente(s) declarado(s) y descartado(s): OPT1. Se usan los 7 de la convención (LT | ROP | PP | FP | DP | RP | FLP).
⚠  MWD "MWPCS_1043_PR01_TH_P25H10_260624_1604.xml": 1 campo(s) excedente(s) declarado(s) y descartado(s): OPT1. Se usan los 7 de la convención (LT | ROP | PP | FP | DP | RP | FLP).
⚠  MWD "MWPCS_1043_PR01_TH_P25H11_260624_1735.xml": 1 campo(s) excedente(s) declarado(s) y descartado(s): OPT1. Se usan los 7 de la convención (LT | ROP | PP | FP | DP | RP | FLP).
⚠  MWD "MWPCS_1043_PR01_TH_P25H12_260624_1904.xml": 1 campo(s) excedente(s) declarado(s) y descartado(s): OPT1. Se usan los 7 de la convención (LT | ROP | PP | FP | DP | RP | FLP).
⚠  MWD "MWPCS_1043_PR01_TH_P25H13_260625_1018.xml": 1 campo(s) excedente(s) declarado(s) y descartado(s): OPT1. Se usan los 7 de la convención (LT | ROP | PP | FP | DP | RP | FLP).
⚠  MWD "MWPCS_1043_PR01_TH_P25H14_260624_2012.xml": 1 campo(s) excedente(s) declarado(s) y descartado(s): OPT1. Se usan los 7 de la convención (LT | ROP | PP | FP | DP | RP | FLP).
⚠  MWD "MWPCS_1043_PR01_TH_P25H1_260624_0128.xml": 1 campo(s) excedente(s) declarado(s) y descartado(s): OPT1. Se usan los 7 de la convención (LT | ROP | PP | FP | DP | RP | FLP).
⚠  MWD "MWPCS_1043_PR01_TH_P25H2_260624_0233.xml": 1 campo(s) excedente(s) declarado(s) y descartado(s): OPT1. Se usan los 7 de la convención (LT | ROP | PP | FP | DP | RP | FLP).
⚠  MWD "MWPCS_1043_PR01_TH_P25H3_260624_0351.xml": 1 campo(s) excedente(s) declarado(s) y descartado(s): OPT1. Se usan los 7 de la convención (LT | ROP | PP | FP | DP | RP | FLP).
⚠  MWD "MWPCS_1043_PR01_TH_P25H4_260624_0538.xml": 1 campo(s) excedente(s) declarado(s) y descartado(s): OPT1. Se usan los 7 de la convención (LT | ROP | PP | FP | DP | RP | FLP).
⚠  MWD "MWPCS_1043_PR01_TH_P25H5_260624_0705.xml": 1 campo(s) excedente(s) declarado(s) y descartado(s): OPT1. Se usan los 7 de la convención (LT | ROP | PP | FP | DP | RP | FLP).
⚠  MWD "MWPCS_1043_PR01_TH_P25H6_260624_0844.xml": 1 campo(s) excedente(s) declarado(s) y descartado(s): OPT1. Se usan los 7 de la convención (LT | ROP | PP | FP | DP | RP | FLP).
⚠  MWD "MWPCS_1043_PR01_TH_P25H7_260624_1113.xml": 1 campo(s) excedente(s) declarado(s) y descartado(s): OPT1. Se usan los 7 de la convención (LT | ROP | PP | FP | DP | RP | FLP).
⚠  MWD "MWPCS_1043_PR01_TH_P25H8_260624_1249.xml": 1 campo(s) excedente(s) declarado(s) y descartado(s): OPT1. Se usan los 7 de la convención (LT | ROP | PP | FP | DP | RP | FLP).
⚠  MWD "MWPCS_1043_PR01_TH_P25H9_260624_1423.xml": 1 campo(s) excedente(s) declarado(s) y descartado(s): OPT1. Se usan los 7 de la convención (LT | ROP | PP | FP | DP | RP | FLP).
⚠  MWD "MWPCS_1043_PR01_TH_P25HU15_260625_1108.xml": 1 campo(s) excedente(s) declarado(s) y descartado(s): OPT1. Se usan los 7 de la convención (LT | ROP | PP | FP | DP | RP | FLP).
⚠  MWD "MWPCS_1043_PR01_TH_P25HU16_260625_1332.xml": 1 campo(s) excedente(s) declarado(s) y descartado(s): OPT1. Se usan los 7 de la convención (LT | ROP | PP | FP | DP | RP | FLP).
⚠  MWD "MWPCS_1043_PR01_TH_P25HU17_260625_1756.xml": 1 campo(s) excedente(s) declarado(s) y descartado(s): OPT1. Se usan los 7 de la convención (LT | ROP | PP | FP | DP | RP | FLP).
⚠  MWD "MWPCS_1043_PR01_TH_P25HU18_260625_2125.xml": 1 campo(s) excedente(s) declarado(s) y descartado(s): OPT1. Se usan los 7 de la convención (LT | ROP | PP | FP | DP | RP | FLP).
⚠  MWD "MWPCS_1043_PR01_TH_P25HU19_260625_2234.xml": 1 campo(s) excedente(s) declarado(s) y descartado(s): OPT1. Se usan los 7 de la convención (LT | ROP | PP | FP | DP | RP | FLP).
⚠  MWD "MWPCS_1043_PR01_TH_P25HU20_260626_0019.xml": 1 campo(s) excedente(s) declarado(s) y descartado(s): OPT1. Se usan los 7 de la convención (LT | ROP | PP | FP | DP | RP | FLP).
⚠  globalCenter fijado: N=6958022.8 E=377541.6 Z=331.7
⚠  MW "PCS_1043_AUX1_H3" plan="PCS_1043_AUX1" hole=3: AMBIGUO, ningún DQ cumple coherencia <5%. Descartados: PCS_1043_AUX1 (err 4393.9%), PCS_1043_AUX3 (err 1909.3%), PCS_1043_AUX2 (err 4301.3%), P101 (err 3569.6%), P01 (err 3705.7%), P105 (err 3526.3%), P103 (err 3918.7%), P104 (err 4345.9%), P107 (err 3770.2%), P02 (err 3704.8%), P03 (err 3860.1%), P06 (err 3705.0%), P07 (err 3705.7%), P08 (err 3667.3%), P09 (err 3864.4%), P10 (err 3843.6%), P11 (err 3899.9%), P12 (err 3922.2%), P13 (err 3858.6%), P14 (err 3831.9%), P15 (err 3712.3%), P16 (err 3709.9%), P17 (err 3715.3%), P18 (err 3689.0%), P19 (err 3740.7%), P20 (err 3705.7%), P21 (err 3705.7%), P22 (err 3778.3%), P23 (err 3834.9%), P24 (err 3748.4%), P25 (err 3796.1%). Posición ficticia; reasignar manualmente en el árbol de capas.
⚠  MW "PCS_1043_AUX2_H4" plan="PCS_1043_AUX2" hole=4: AMBIGUO, ningún DQ cumple coherencia <5%. Descartados: PCS_1043_AUX2 (err 21385.8%), PCS_1043_AUX3 (err 21259.0%), PCS_1043_AUX1 (err 21348.5%), P101 (err 21312.1%), P01 (err 22432.6%), P105 (err 21169.1%), P103 (err 19921.0%), P107 (err 22254.4%), P02 (err 22546.4%), P03 (err 22386.6%), P06 (err 22429.3%), P07 (err 22432.3%), P08 (err 22165.1%), P09 (err 22442.4%), P10 (err 23082.3%), P11 (err 22663.2%), P12 (err 23380.4%), P13 (err 23111.3%), P14 (err 22463.8%), P15 (err 22463.8%), P16 (err 22394.2%), P17 (err 22356.3%), P18 (err 20646.9%), P19 (err 20768.3%), P20 (err 20210.3%), P21 (err 22065.2%), P22 (err 22683.3%), P23 (err 19685.5%), P24 (err 19078.5%), P25 (err 20216.8%). Posición ficticia; reasignar manualmente en el árbol de capas.
⚠  MW "PCS_1043_AUX3_H1" plan="PCS_1043_AUX3" hole=1: AMBIGUO, ningún DQ cumple coherencia <5%. Descartados: PCS_1043_AUX3 (err 5.9%), PCS_1043_AUX2 (err 10.0%), PCS_1043_AUX1 (err 6.1%), P101 (err 28.7%), P01 (err 30.2%), P105 (err 30.4%), P102 (err 9.6%), P103 (err 24.4%), P104 (err 9.2%), P106 (err 9.8%), P107 (err 27.2%), P02 (err 25.4%), P03 (err 25.9%), P06 (err 30.2%), P07 (err 30.4%), P08 (err 18.1%), P09 (err 25.6%), P10 (err 30.1%), P11 (err 23.7%), P12 (err 23.2%), P13 (err 25.0%), P14 (err 25.9%), P15 (err 30.0%), P16 (err 29.2%), P17 (err 30.4%), P18 (err 29.1%), P19 (err 25.4%), P20 (err 30.2%), P21 (err 26.2%), P22 (err 26.4%), P23 (err 24.8%), P24 (err 23.5%), P25 (err 24.7%). Posición ficticia; reasignar manualmente en el árbol de capas.
⚠  MW "PCS_1043_CL01_TH_P101_H1" plan="PCS_1043_CL01_TH_P101" hole=1: AMBIGUO, ningún DQ cumple coherencia <5%. Descartados: P101 (err 1309.6%), P105 (err 1276.3%), P102 (err 2067.0%), P103 (err 1394.6%), P104 (err 2058.4%), P106 (err 2071.5%), P107 (err 1340.1%), P01 (err 1280.1%), P02 (err 1374.9%), P03 (err 1365.6%), P06 (err 1279.6%), P07 (err 1275.4%), PCS_1043_AUX3 (err 1993.8%), PCS_1043_AUX2 (err 2075.0%), PCS_1043_AUX1 (err 1998.8%), P08 (err 1519.4%), P09 (err 1370.5%), P10 (err 1281.2%), P11 (err 1409.6%), P12 (err 1419.5%), P13 (err 1383.6%), P14 (err 1364.3%), P15 (err 1283.9%), P16 (err 1299.3%), P17 (err 1276.7%), P18 (err 1301.3%), P19 (err 1375.4%), P20 (err 1280.1%), P21 (err 1360.1%), P22 (err 1355.9%), P23 (err 1386.6%), P24 (err 1412.3%), P25 (err 1389.7%). Posición ficticia; reasignar manualmente en el árbol de capas.
⚠  MW "PCS_1043_CL01_TH_P105_H1" plan="PCS_1043_CL01_TH_P105" hole=1: AMBIGUO, ningún DQ cumple coherencia <5%. Descartados: P105 (err 3546.6%), P101 (err 3634.8%), P102 (err 5641.9%), P103 (err 3860.2%), P104 (err 5619.1%), P106 (err 5653.8%), P107 (err 3715.6%), P01 (err 3556.7%), P02 (err 3808.0%), P03 (err 3783.2%), P06 (err 3555.4%), P07 (err 3544.3%), PCS_1043_AUX3 (err 5447.9%), PCS_1043_AUX2 (err 5662.9%), PCS_1043_AUX1 (err 5461.1%), P08 (err 4191.0%), P09 (err 3796.2%), P10 (err 3559.8%), P11 (err 3899.9%), P12 (err 3926.0%), P13 (err 3831.0%), P14 (err 3779.8%), P15 (err 3566.8%), P16 (err 3607.7%), P17 (err 3547.7%), P18 (err 3612.9%), P19 (err 3809.2%), P20 (err 3556.7%), P21 (err 3768.7%), P22 (err 3757.5%), P23 (err 3838.9%), P24 (err 3906.9%), P25 (err 3847.1%). Posición ficticia; reasignar manualmente en el árbol de capas.
⚠  MW "PCS_1043_PR01_TH_P01_H14" plan="PCS_1043_PR01_TH_P01" hole=14: AMBIGUO, ningún DQ cumple coherencia <5%. Descartados: P01 (err 25573.5%), P02 (err 26767.0%), P03 (err 26938.1%), P06 (err 25566.4%), P07 (err 25568.0%), P08 (err 25117.2%), P09 (err 25572.6%), P10 (err 25590.2%), P11 (err 26439.0%), P12 (err 26585.6%), P13 (err 26704.6%), P14 (err 26930.8%), P15 (err 24615.0%), P16 (err 24186.8%), P17 (err 24454.5%), P18 (err 25669.9%), P19 (err 25821.5%), P20 (err 25790.2%), P21 (err 27677.5%), P22 (err 25410.6%), P23 (err 25718.8%), P24 (err 24605.4%), P25 (err 26819.5%), P101 (err 43993.1%), P105 (err 38599.0%), P103 (err 38809.8%), P107 (err 46497.2%). Posición ficticia; reasignar manualmente en el árbol de capas.
⚠  MW "PCS_1043_PR01_TH_P07_H11" plan="PCS_1043_PR01_TH_P07" hole=11: AMBIGUO, ningún DQ cumple coherencia <5%. Descartados: P07 (err 9.9%), P01 (err 9.9%), P02 (err 12.2%), P03 (err 13.2%), P06 (err 9.9%), P08 (err 7.5%), P09 (err 11.9%), P10 (err 10.0%), P11 (err 12.3%), P12 (err 13.5%), P13 (err 13.0%), P14 (err 10.7%), P15 (err 10.1%), P16 (err 7.5%), P17 (err 7.5%), P18 (err 10.1%), P19 (err 8.0%), P20 (err 9.6%), P21 (err 9.9%), P22 (err 10.0%), P23 (err 7.6%), P24 (err 9.9%), P25 (err 9.2%), P101 (err 15.9%), P105 (err 16.2%), P103 (err 19.9%), P107 (err 18.4%). Posición ficticia; reasignar manualmente en el árbol de capas.
⚠  MW "PCS_1043_PR01_TH_P07_H12" plan="PCS_1043_PR01_TH_P07" hole=12: usado DQ hermano "PCS_1043_PR01_TH_P18" (coherencia OK).
⚠  MW "PCS_1043_PR01_TH_P07_H17" plan="PCS_1043_PR01_TH_P07" hole=17: AMBIGUO, ningún DQ cumple coherencia <5%. Descartados: P07 (err 416.1%), P101 (err 175.4%), P105 (err 14.3%), P103 (err 5.1%), P107 (err 188.0%). Posición ficticia; reasignar manualmente en el árbol de capas.
⚠  MW "PCS_1043_PR01_TH_P07_H5" plan="PCS_1043_PR01_TH_P07" hole=5: usado DQ hermano "PCS_1043_PR01_TH_P16" (coherencia OK).
⚠  MW "PCS_1043_PR01_TH_P25_H14" plan="PCS_1043_PR01_TH_P25" hole=14: usado DQ hermano "PCS_1043_PR01_TH_P20" (coherencia OK).
⚠  MW "PCS_1043_PR01_TH_P25_HU15" plan="PCS_1043_PR01_TH_P25" hole=U15: AMBIGUO, ningún DQ cumple coherencia <5%. Descartados: P25 (err 73.9%). Posición ficticia; reasignar manualmente en el árbol de capas.
     DQ: 54 archivos → 33 planes, 498 tiros · 159 con coordenadas distintas entre revisiones ⚠
     MW: 134 pozos. 162.882 puntos
     match: {'matched': 122, 'fallback': 3, 'ambiguous': 9, 'no_dq': 0}
     (0.3s mallas + 3.7s XML)

========================================================================
  PCC_0042
========================================================================
  archivos: 107 DQ · 454 MW · 3 DXF
  — mallas —
  — pozos —
⚠  DQ "PCC_0042_PR01_TH_P51" tiro 1: el collar se desplaza 34.897 m entre revisiones. Se usa DQPCC_0042_PR01_TH_P51_260710_1008.xml (2026-07-10T10:08:52), se descarta DQPCC_0042_PR01_TH_P51_260710_0934.xml (2026-07-10T09:34:40). Verifica cuál corresponde al pozo perforado.
⚠  DQ "PCC_0042_PR01_TH_P51" tiro 2: el collar se desplaza 34.897 m entre revisiones. Se usa DQPCC_0042_PR01_TH_P51_260710_1008.xml (2026-07-10T10:08:52), se descarta DQPCC_0042_PR01_TH_P51_260710_0934.xml (2026-07-10T09:34:40). Verifica cuál corresponde al pozo perforado.
⚠  DQ "PCC_0042_PR01_TH_P51" tiro 3: el collar se desplaza 34.897 m entre revisiones. Se usa DQPCC_0042_PR01_TH_P51_260710_1008.xml (2026-07-10T10:08:52), se descarta DQPCC_0042_PR01_TH_P51_260710_0934.xml (2026-07-10T09:34:40). Verifica cuál corresponde al pozo perforado.
⚠  DQ "PCC_0042_PR01_TH_P51" tiro 4: el collar se desplaza 34.897 m entre revisiones. Se usa DQPCC_0042_PR01_TH_P51_260710_1008.xml (2026-07-10T10:08:52), se descarta DQPCC_0042_PR01_TH_P51_260710_0934.xml (2026-07-10T09:34:40). Verifica cuál corresponde al pozo perforado.
⚠  DQ "PCC_0042_PR01_TH_P51" tiro 5: el collar se desplaza 34.897 m entre revisiones. Se usa DQPCC_0042_PR01_TH_P51_260710_1008.xml (2026-07-10T10:08:52), se descarta DQPCC_0042_PR01_TH_P51_260710_0934.xml (2026-07-10T09:34:40). Verifica cuál corresponde al pozo perforado.
⚠  DQ "PCC_0042_PR01_TH_P51" tiro 6: el collar se desplaza 34.897 m entre revisiones. Se usa DQPCC_0042_PR01_TH_P51_260710_1008.xml (2026-07-10T10:08:52), se descarta DQPCC_0042_PR01_TH_P51_260710_0934.xml (2026-07-10T09:34:40). Verifica cuál corresponde al pozo perforado.
⚠  DQ "PCC_0042_PR01_TH_P51" tiro 7: el collar se desplaza 34.897 m entre revisiones. Se usa DQPCC_0042_PR01_TH_P51_260710_1008.xml (2026-07-10T10:08:52), se descarta DQPCC_0042_PR01_TH_P51_260710_0934.xml (2026-07-10T09:34:40). Verifica cuál corresponde al pozo perforado.
⚠  DQ "PCC_0042_PR01_TH_P51" tiro 8: el collar se desplaza 34.897 m entre revisiones. Se usa DQPCC_0042_PR01_TH_P51_260710_1008.xml (2026-07-10T10:08:52), se descarta DQPCC_0042_PR01_TH_P51_260710_0934.xml (2026-07-10T09:34:40). Verifica cuál corresponde al pozo perforado.
⚠  DQ "PCC_0042_PR01_TH_P51" tiro 9: el collar se desplaza 34.897 m entre revisiones. Se usa DQPCC_0042_PR01_TH_P51_260710_1008.xml (2026-07-10T10:08:52), se descarta DQPCC_0042_PR01_TH_P51_260710_0934.xml (2026-07-10T09:34:40). Verifica cuál corresponde al pozo perforado.
⚠  DQ "PCC_0042_PR01_TH_P51" tiro 10: el collar se desplaza 34.897 m entre revisiones. Se usa DQPCC_0042_PR01_TH_P51_260710_1008.xml (2026-07-10T10:08:52), se descarta DQPCC_0042_PR01_TH_P51_260710_0934.xml (2026-07-10T09:34:40). Verifica cuál corresponde al pozo perforado.
⚠  DQ "PCC_0042_PR01_TH_P51" tiro 11: el collar se desplaza 34.897 m entre revisiones. Se usa DQPCC_0042_PR01_TH_P51_260710_1008.xml (2026-07-10T10:08:52), se descarta DQPCC_0042_PR01_TH_P51_260710_0934.xml (2026-07-10T09:34:40). Verifica cuál corresponde al pozo perforado.
⚠  DQ "PCC_0042_PR01_TH_P51" tiro 12: el collar se desplaza 34.897 m entre revisiones. Se usa DQPCC_0042_PR01_TH_P51_260710_1008.xml (2026-07-10T10:08:52), se descarta DQPCC_0042_PR01_TH_P51_260710_0934.xml (2026-07-10T09:34:40). Verifica cuál corresponde al pozo perforado.
⚠  DQ "PCC_0042_PR01_TH_P51" tiro 13: el collar se desplaza 34.897 m entre revisiones. Se usa DQPCC_0042_PR01_TH_P51_260710_1008.xml (2026-07-10T10:08:52), se descarta DQPCC_0042_PR01_TH_P51_260710_0934.xml (2026-07-10T09:34:40). Verifica cuál corresponde al pozo perforado.
⚠  DQ "PCC_0042_PR01_TH_P51" tiro 14: el collar se desplaza 34.897 m entre revisiones. Se usa DQPCC_0042_PR01_TH_P51_260710_1008.xml (2026-07-10T10:08:52), se descarta DQPCC_0042_PR01_TH_P51_260710_0934.xml (2026-07-10T09:34:40). Verifica cuál corresponde al pozo perforado.
⚠  DQ "PCC_0042_PR01_TH_P51" tiro 15: el collar se desplaza 34.897 m entre revisiones. Se usa DQPCC_0042_PR01_TH_P51_260710_1008.xml (2026-07-10T10:08:52), se descarta DQPCC_0042_PR01_TH_P51_260710_0934.xml (2026-07-10T09:34:40). Verifica cuál corresponde al pozo perforado.
⚠  DQ "PCC_0042_PR01_TH_P51" tiro 16: el collar se desplaza 34.897 m entre revisiones. Se usa DQPCC_0042_PR01_TH_P51_260710_1008.xml (2026-07-10T10:08:52), se descarta DQPCC_0042_PR01_TH_P51_260710_0934.xml (2026-07-10T09:34:40). Verifica cuál corresponde al pozo perforado.
⚠  DQ "PCC_0042_PR01_TH_P51" tiro 17: el collar se desplaza 34.897 m entre revisiones. Se usa DQPCC_0042_PR01_TH_P51_260710_1008.xml (2026-07-10T10:08:52), se descarta DQPCC_0042_PR01_TH_P51_260710_0934.xml (2026-07-10T09:34:40). Verifica cuál corresponde al pozo perforado.
⚠  DQ "PCC_0042_PR01_TH_P51" tiro 18: el collar se desplaza 34.897 m entre revisiones. Se usa DQPCC_0042_PR01_TH_P51_260710_1008.xml (2026-07-10T10:08:52), se descarta DQPCC_0042_PR01_TH_P51_260710_0934.xml (2026-07-10T09:34:40). Verifica cuál corresponde al pozo perforado.
⚠  DQ "PCC_0042_PR01_TH_P51" tiro 19: el collar se desplaza 34.897 m entre revisiones. Se usa DQPCC_0042_PR01_TH_P51_260710_1008.xml (2026-07-10T10:08:52), se descarta DQPCC_0042_PR01_TH_P51_260710_0934.xml (2026-07-10T09:34:40). Verifica cuál corresponde al pozo perforado.
⚠  DQ "PCC_0042_PR01_TH_P51" tiro 1: el collar se desplaza 34.897 m entre revisiones. Se usa DQPCC_0042_PR01_TH_P51_260710_1026.xml (2026-07-10T10:26:21), se descarta DQPCC_0042_PR01_TH_P51_260710_1008.xml (2026-07-10T10:08:52). Verifica cuál corresponde al pozo perforado.
⚠  DQ: 18 desplazamiento(s) grande(s) más, no listados.
⚠  DQ: 214 tiro(s) con coordenadas distintas entre revisiones del mismo plan (38 sobre 5 m). Gana siempre la revisión más reciente.
⚠  MWD "MWPCC_0042_PR01_TH_P20H10_260302_0403.xml": 1 campo(s) excedente(s) declarado(s) y descartado(s): OPT1. Se usan los 7 de la convención (LT | ROP | PP | FP | DP | RP | FLP).
⚠  MWD "MWPCC_0042_PR01_TH_P20H11_260302_0549.xml": 1 campo(s) excedente(s) declarado(s) y descartado(s): OPT1. Se usan los 7 de la convención (LT | ROP | PP | FP | DP | RP | FLP).
⚠  MWD "MWPCC_0042_PR01_TH_P20H12_260302_0806.xml": 1 campo(s) excedente(s) declarado(s) y descartado(s): OPT1. Se usan los 7 de la convención (LT | ROP | PP | FP | DP | RP | FLP).
⚠  MWD "MWPCC_0042_PR01_TH_P20H13_260302_0954.xml": 1 campo(s) excedente(s) declarado(s) y descartado(s): OPT1. Se usan los 7 de la convención (LT | ROP | PP | FP | DP | RP | FLP).
⚠  MWD "MWPCC_0042_PR01_TH_P20H14_260302_1204.xml": 1 campo(s) excedente(s) declarado(s) y descartado(s): OPT1. Se usan los 7 de la convención (LT | ROP | PP | FP | DP | RP | FLP).
⚠  MWD "MWPCC_0042_PR01_TH_P20H15_260302_1401.xml": 1 campo(s) excedente(s) declarado(s) y descartado(s): OPT1. Se usan los 7 de la convención (LT | ROP | PP | FP | DP | RP | FLP).
⚠  MWD "MWPCC_0042_PR01_TH_P20H16_260302_1614.xml": 1 campo(s) excedente(s) declarado(s) y descartado(s): OPT1. Se usan los 7 de la convención (LT | ROP | PP | FP | DP | RP | FLP).
⚠  MWD "MWPCC_0042_PR01_TH_P20H17_260302_1858.xml": 1 campo(s) excedente(s) declarado(s) y descartado(s): OPT1. Se usan los 7 de la convención (LT | ROP | PP | FP | DP | RP | FLP).
⚠  MWD "MWPCC_0042_PR01_TH_P20H18_260302_2333.xml": 1 campo(s) excedente(s) declarado(s) y descartado(s): OPT1. Se usan los 7 de la convención (LT | ROP | PP | FP | DP | RP | FLP).
